##
# Testsuite for 2-matrix_divided.py
#
# Expected to find one function: matrix_divided(matrix, div)
#     function takes in a matrix and returns a matrix divided by div
##

>>> matrix_divided = __import__('2-matrix_divided').matrix_divided

>>> matrix = [[1, 2, 3], [4, 5, 6]]

>>> matrix_divided(matrix, 1)
[[1.0, 2.0, 3.0], [4.0, 5.0, 6.0]]

>>> matrix_divided(matrix, 2)
[[0.5, 1.0, 1.5], [2.0, 2.5, 3.0]]

>>> matrix_divided(matrix, -2)
[[-0.5, -1.0, -1.5], [-2.0, -2.5, -3.0]]

>>> matrix_divided([1, 2, 3], 1)
[[1.0, 2.0, 3.0]]

>>> matrix_divided(1, 1)
Traceback (most recent call last):
...
TypeError: matrix must be a matrix (list of lists) of integers/floats

>>> matrix_divided(matrix, [1, 2]) # doctest: +ELLIPSIS
Traceback (most recent call last):
...
TypeError: div must be a number

>>> matrix_divided(matrix, {'a':1, 'b':2}) # doctest: +ELLIPSIS
Traceback (most recent call last):
...
TypeError: div must be a number

>>> matrix_divided(matrix, (1, 2)) # doctest: +ELLIPSIS
Traceback (most recent call last):                                                  
...
TypeError: div must be a number

>>> matrix_divided(matrix, "a") # doctest: +ELLIPSIS
Traceback (most recent call last):
...
TypeError: div must be a number

>>> matrix_divided(matrix, set((1, 2, 1))) # doctest: +ELLIPSIS
Traceback (most recent call last):
...
TypeError: div must be a number

>>> matrix_divided([[1, 2], [3, 4, 5]], 2) # doctest: +ELLIPSIS
Traceback (most recent call last):
...
TypeError: Each row of the matrix must have the same size

>>> matrix_divided([[1, 2, 3], [4, 5]], 2) # doctest: +ELLIPSIS
Traceback (most recent call last):
...
TypeError: Each row of the matrix must have the same size

#>>> matrix_divided([2, [1, 3]], 2) # doctest: +ELLIPSIS
#Traceback (most recent call last):
#...
#TypeError: Each row of the matrix must have the same size

#>>> matrix_divided([[1, 2], 3], 2) # doctest: +ELLIPSIS
#Traceback (most recent call last):
#...
#TypeError: Each row of the matrix must have the same size

>>> matrix_divided([[1e10000, 2], [1, 2]], 2) # doctest: +ELLIPSIS
[[inf, 1.0], [0.5, 1.0]]

>>> matrix_divided(matrix, 1e10000) # doctest: +ELLIPSIS
[[0.0, 0.0, 0.0], [0.0, 0.0, 0.0]]

>>> matrix_divided(matrix, 0) # doctest: +ELLIPSIS
Traceback (most recent call last):
...
ZeroDivisionError: division by zero

>>> matrix_divided(matrix) # doctest: +ELLIPSIS
Traceback (most recent call last):
...
TypeError: matrix_divided() missing 1 required positional argument: 'div'

#>>> matrix_divided([[]], 2) # doctest: +ELLIPSIS
#[[]]

>>> matrix_divided([[1, 2, 3], []], 2) # doctest: +ELLIPSIS
Traceback (most recent call last):
...
TypeError: Each row of the matrix must have the same size

>>> matrix_divided([[], [1, 2, 3]], 2) # doctest: +ELLIPSIS
Traceback (most recent call last):
...
TypeError: Each row of the matrix must have the same size

>>> matrix_divided(1)
Traceback (most recent call last):
...
TypeError: matrix_divided() missing 1 required positional argument: 'div'

>>> matrix_divided(None, 1)
Traceback (most recent call last):
...
TypeError: matrix must be a matrix (list of lists) of integers/floats
